---
created: "2019-01-26T10:36:38.867929600+00:00"
creator: insta@0.5.2
expression: assembly
source: rasen/tests/build.rs
---
; SPIR-V
; Version: 1.1
; Generator: Unknown
; Bound: 56
OpCapability Shader
OpMemoryModel Logical GLSL450
OpEntryPoint Vertex %4 "main" %26 %37 %52 %35 %49 %55
OpName %11 "Uniforms"
OpMemberName %9 0 "u_projection"
OpMemberName %9 1 "u_view"
OpMemberName %9 2 "u_model"
OpName %26 "a_pos"
OpName %37 "a_normal"
OpName %49 "f_norm"
OpName %52 "a_uv"
OpName %55 "f_uv"
OpDecorate %9 Block
OpMemberDecorate %9 0 MatrixStride 16
OpMemberDecorate %9 0 ColMajor
OpMemberDecorate %9 1 MatrixStride 16
OpMemberDecorate %9 1 ColMajor
OpMemberDecorate %9 2 MatrixStride 16
OpMemberDecorate %9 2 ColMajor
OpDecorate %26 Location 0
OpDecorate %35 Location 0
OpDecorate %35 BuiltIn Position
OpDecorate %37 Location 1
OpDecorate %49 Location 1
OpDecorate %52 Location 2
OpDecorate %55 Location 2
OpMemberDecorate %9 0 Offset 0
OpMemberDecorate %9 1 Offset 64
OpMemberDecorate %9 2 Offset 128
%12 = OpTypeInt 32 1
%20 = OpConstant  %12  2
%16 = OpConstant  %12  1
%13 = OpConstant  %12  0
%5 = OpTypeFloat 32
%50 = OpTypeVector %5 2
%54 = OpTypePointer Output %50
%55 = OpVariable  %54  Output
%51 = OpTypePointer Input %50
%52 = OpVariable  %51  Input
%31 = OpConstant  %5  1.0
%24 = OpTypeVector %5 3
%48 = OpTypePointer Output %24
%49 = OpVariable  %48  Output
%36 = OpTypePointer Input %24
%37 = OpVariable  %36  Input
%25 = OpTypePointer Input %24
%26 = OpVariable  %25  Input
%6 = OpTypeVector %5 4
%34 = OpTypePointer Output %6
%35 = OpVariable  %34  Output
%7 = OpTypeMatrix %6 4
%8 = OpTypePointer Uniform %7
%1 = OpTypeVoid
%2 = OpTypeFunction %1
%9 = OpTypeStruct %7 %7 %7
%10 = OpTypePointer Uniform %9
%11 = OpVariable  %10  Uniform
%4 = OpFunction  %1  None %2
%3 = OpLabel
%14 = OpAccessChain  %8  %11 %13
%15 = OpLoad  %7  %14 None
%17 = OpAccessChain  %8  %11 %16
%18 = OpLoad  %7  %17 None
%19 = OpMatrixTimesMatrix  %7  %15 %18
%21 = OpAccessChain  %8  %11 %20
%22 = OpLoad  %7  %21 None
%23 = OpMatrixTimesMatrix  %7  %19 %22
%27 = OpLoad  %24  %26 None
%28 = OpCompositeExtract  %5  %27 0
%29 = OpCompositeExtract  %5  %27 1
%30 = OpCompositeExtract  %5  %27 2
%32 = OpCompositeConstruct  %6  %28 %29 %30 %31
%33 = OpMatrixTimesVector  %6  %23 %32
OpStore %35 %33 None
%38 = OpLoad  %24  %37 None
%39 = OpCompositeExtract  %5  %38 0
%40 = OpCompositeExtract  %5  %38 1
%41 = OpCompositeExtract  %5  %38 2
%42 = OpCompositeConstruct  %6  %39 %40 %41 %31
%43 = OpMatrixTimesVector  %6  %22 %42
%44 = OpCompositeExtract  %5  %43 0
%45 = OpCompositeExtract  %5  %43 1
%46 = OpCompositeExtract  %5  %43 2
%47 = OpCompositeConstruct  %24  %44 %45 %46
OpStore %49 %47 None
%53 = OpLoad  %50  %52 None
OpStore %55 %53 None
OpReturn
OpFunctionEnd
